<area shape="rect" href="$struct_____d_c_d_common_property.html" title="频道及频道项的结构体定义" alt="" coords="75,187,245,213">
<area shape="rect" title="channel" alt="" coords="156,209,164,217">
<area shape="rect" title="channel" alt="" coords="156,273,164,281">
<area shape="rect" href="$struct_____d_c_d_media.html" title="媒体定义" alt="" coords="39,96,140,123">
<area shape="rect" title="medias" alt="" coords="96,119,104,127">
<area shape="rect" title="medias" alt="" coords="145,183,153,191">
<area shape="rect" href="$struct_____d_c_d_media_content.html" title="媒体定义" alt="" coords="5,5,155,32">
<area shape="rect" title="ppMediaContents" alt="" coords="77,28,85,36">
<area shape="rect" title="ppMediaContents" alt="" coords="84,92,92,100">
<area shape="rect" href="$struct_____d_c_d_links.html" title="超链接定义" alt="" coords="169,96,268,123">
<area shape="rect" title="links" alt="" coords="207,119,215,127">
<area shape="rect" title="links" alt="" coords="164,183,172,191">
<area shape="rect" href="$struct_____d_c_d_href.html" title="超链接定义" alt="" coords="179,5,269,32">
<area shape="rect" title="ppHrefs" alt="" coords="219,28,227,36">
<area shape="rect" title="ppHrefs" alt="" coords="216,92,224,100">
